// Vitest Snapshot v1, https://vitest.dev/guide/snapshot.html

exports[`Spinner > corresponde ao snapshot 1`] = `
<div>
  <span
    aria-hidden="true"
    class="inline-block shrink-0 rounded-full border-current border-t-transparent animate-spin motion-reduce:[animation-duration:2.5s] h-4 w-4 border-2"
    data-size="md"
  />
</div>
`;
