// Vitest Snapshot v1, https://vitest.dev/guide/snapshot.html

exports[`Switch > corresponde ao snapshot 1`] = `
<div>
  <button
    aria-checked="true"
    aria-label="Notificações"
    class="group relative inline-flex shrink-0 items-center rounded-full border border-white/20 bg-surface-elevated transition-colors duration-fast focus-visible:outline-none focus-visible:ring-2 focus-visible:ring-brand-400 data-[state=checked]:border-brand-500 data-[state=checked]:bg-brand-500 data-[disabled]:opacity-40 data-[disabled]:pointer-events-none h-[22px] w-10"
    data-size="md"
    data-state="checked"
    role="switch"
    type="button"
  >
    <span
      aria-hidden="true"
      class="pointer-events-none absolute left-[2px] rounded-full bg-text-primary transition-transform duration-fast h-[18px] w-[18px] group-data-[state=checked]:translate-x-[18px]"
    />
  </button>
</div>
`;
